EN demultiplekser NULL C:/students_ulic/mf/proj_vhdl/demultiplekser.vhd sub00/vhpl07 1704800752
EN transkoder_a NULL C:/students_ulic/mf/proj_vhdl/transkoder.vhd sub00/vhpl12 1704800760
AR czestotliwosc_1hz behavioral C:/students_ulic/mf/proj_vhdl/czestotliwosc_1hz.vhd sub00/vhpl04 1704800757
EN licznik4 NULL C:/students_ulic/mf/proj_vhdl/licznik4.vhd sub00/vhpl00 1704800754
AR licznik4 behavioral C:/students_ulic/mf/proj_vhdl/licznik4.vhd sub00/vhpl09 1704800755
EN czestotliwosc_1hz NULL C:/students_ulic/mf/proj_vhdl/czestotliwosc_1hz.vhd sub00/vhpl03 1704800756
AR demultiplekser behavioral C:/students_ulic/mf/proj_vhdl/demultiplekser.vhd sub00/vhpl08 1704800753
AR licznik behavioral C:/students_ulic/mf/proj_vhdl/licznik.vhd sub00/vhpl02 1704800749
EN schemat NULL C:/students_ulic/mf/proj_vhdl/schemat.vhf sub00/vhpl14 1704800762
AR transkoder_a behavioral C:/students_ulic/mf/proj_vhdl/transkoder.vhd sub00/vhpl13 1704800761
EN multiplekser NULL C:/students_ulic/mf/proj_vhdl/multiplekser.vhd sub00/vhpl10 1704800750
EN czestotliwosc_400hz NULL C:/students_ulic/mf/proj_vhdl/czestotliwosc400hz.vhd sub00/vhpl05 1704800758
EN licznik NULL C:/students_ulic/mf/proj_vhdl/licznik.vhd sub00/vhpl01 1704800748
AR czestotliwosc_400hz behavioral C:/students_ulic/mf/proj_vhdl/czestotliwosc400hz.vhd sub00/vhpl06 1704800759
AR multiplekser behavioral C:/students_ulic/mf/proj_vhdl/multiplekser.vhd sub00/vhpl11 1704800751
AR schemat behavioral C:/students_ulic/mf/proj_vhdl/schemat.vhf sub00/vhpl15 1704800763
